[[MAJOR_GENERAL], [MAJOR_GENERAL], [], [], [], [], [], [], []]
[[], [], [], [], [], [], [], [], []]
[[], [], [], [], [], [], [], [], []]
[[], [], [], [], [], [], [], [], []]
[[], [], [], [], [], [], [], [], []]
[[], [], [], [], [], [], [], [], []]
[[], [], [], [], [], [], [], [], []]
[[], [], [], [], [], [], [], [], []]
[[], [], [], [], [], [], [], [], []]
