[piece,piece1,piece,piece,piece,piece,piece,piece,piece,]
[piece,piece,piece,piece,piece,piece,piece,piece,piece,]
[piece,piece,piece,piece,piece,piece,piece,piece,piece,]
[piece,piece,piece,piece,piece,piece,piece,piece,piece,]
[piece,piece,piece,piece,piece,piece,piece,piece,piece,]
[piece,piece,piece,piece,piece,piece,piece,piece,piece,]
[piece,piece,piece,piece,piece,piece,piece,piece,piece,]
[piece,piece,piece,piece,piece,piece,piece,piece,piece,]
[piece,piece,piece,piece,piece,piece,piece,piece,piece,]
